Archive member included to satisfy reference by file (symbol)

C:/ST/STM32CubeIDE_1.10.1/STM32CubeIDE/plugins/com.st.stm32cube.ide.mcu.externaltools.gnu-tools-for-stm32.11.3.rel1.win32_1.1.1.202309131626/tools/bin/../lib/gcc/arm-none-eabi/11.3.1/../../../../arm-none-eabi/lib/thumb/v7e-m+dp/hard\libc_nano.a(libc_a-exit.o)
                              C:/ST/STM32CubeIDE_1.10.1/STM32CubeIDE/plugins/com.st.stm32cube.ide.mcu.externaltools.gnu-tools-for-stm32.11.3.rel1.win32_1.1.1.202309131626/tools/bin/../lib/gcc/arm-none-eabi/11.3.1/../../../../arm-none-eabi/lib/thumb/v7e-m+dp/hard/crt0.o (exit)
C:/ST/STM32CubeIDE_1.10.1/STM32CubeIDE/plugins/com.st.stm32cube.ide.mcu.externaltools.gnu-tools-for-stm32.11.3.rel1.win32_1.1.1.202309131626/tools/bin/../lib/gcc/arm-none-eabi/11.3.1/../../../../arm-none-eabi/lib/thumb/v7e-m+dp/hard\libc_nano.a(libc_a-findfp.o)
                              C:/ST/STM32CubeIDE_1.10.1/STM32CubeIDE/plugins/com.st.stm32cube.ide.mcu.externaltools.gnu-tools-for-stm32.11.3.rel1.win32_1.1.1.202309131626/tools/bin/../lib/gcc/arm-none-eabi/11.3.1/../../../../arm-none-eabi/lib/thumb/v7e-m+dp/hard\libc_nano.a(libc_a-exit.o) (__stdio_exit_handler)
C:/ST/STM32CubeIDE_1.10.1/STM32CubeIDE/plugins/com.st.stm32cube.ide.mcu.externaltools.gnu-tools-for-stm32.11.3.rel1.win32_1.1.1.202309131626/tools/bin/../lib/gcc/arm-none-eabi/11.3.1/../../../../arm-none-eabi/lib/thumb/v7e-m+dp/hard\libc_nano.a(libc_a-fwalk.o)
                              C:/ST/STM32CubeIDE_1.10.1/STM32CubeIDE/plugins/com.st.stm32cube.ide.mcu.externaltools.gnu-tools-for-stm32.11.3.rel1.win32_1.1.1.202309131626/tools/bin/../lib/gcc/arm-none-eabi/11.3.1/../../../../arm-none-eabi/lib/thumb/v7e-m+dp/hard\libc_nano.a(libc_a-findfp.o) (_fwalk_sglue)
C:/ST/STM32CubeIDE_1.10.1/STM32CubeIDE/plugins/com.st.stm32cube.ide.mcu.externaltools.gnu-tools-for-stm32.11.3.rel1.win32_1.1.1.202309131626/tools/bin/../lib/gcc/arm-none-eabi/11.3.1/../../../../arm-none-eabi/lib/thumb/v7e-m+dp/hard\libc_nano.a(libc_a-stdio.o)
                              C:/ST/STM32CubeIDE_1.10.1/STM32CubeIDE/plugins/com.st.stm32cube.ide.mcu.externaltools.gnu-tools-for-stm32.11.3.rel1.win32_1.1.1.202309131626/tools/bin/../lib/gcc/arm-none-eabi/11.3.1/../../../../arm-none-eabi/lib/thumb/v7e-m+dp/hard\libc_nano.a(libc_a-findfp.o) (__sread)
C:/ST/STM32CubeIDE_1.10.1/STM32CubeIDE/plugins/com.st.stm32cube.ide.mcu.externaltools.gnu-tools-for-stm32.11.3.rel1.win32_1.1.1.202309131626/tools/bin/../lib/gcc/arm-none-eabi/11.3.1/../../../../arm-none-eabi/lib/thumb/v7e-m+dp/hard\libc_nano.a(libc_a-memset.o)
                              C:/ST/STM32CubeIDE_1.10.1/STM32CubeIDE/plugins/com.st.stm32cube.ide.mcu.externaltools.gnu-tools-for-stm32.11.3.rel1.win32_1.1.1.202309131626/tools/bin/../lib/gcc/arm-none-eabi/11.3.1/../../../../arm-none-eabi/lib/thumb/v7e-m+dp/hard/crt0.o (memset)
C:/ST/STM32CubeIDE_1.10.1/STM32CubeIDE/plugins/com.st.stm32cube.ide.mcu.externaltools.gnu-tools-for-stm32.11.3.rel1.win32_1.1.1.202309131626/tools/bin/../lib/gcc/arm-none-eabi/11.3.1/../../../../arm-none-eabi/lib/thumb/v7e-m+dp/hard\libc_nano.a(libc_a-closer.o)
                              C:/ST/STM32CubeIDE_1.10.1/STM32CubeIDE/plugins/com.st.stm32cube.ide.mcu.externaltools.gnu-tools-for-stm32.11.3.rel1.win32_1.1.1.202309131626/tools/bin/../lib/gcc/arm-none-eabi/11.3.1/../../../../arm-none-eabi/lib/thumb/v7e-m+dp/hard\libc_nano.a(libc_a-stdio.o) (_close_r)
C:/ST/STM32CubeIDE_1.10.1/STM32CubeIDE/plugins/com.st.stm32cube.ide.mcu.externaltools.gnu-tools-for-stm32.11.3.rel1.win32_1.1.1.202309131626/tools/bin/../lib/gcc/arm-none-eabi/11.3.1/../../../../arm-none-eabi/lib/thumb/v7e-m+dp/hard\libc_nano.a(libc_a-reent.o)
                              C:/ST/STM32CubeIDE_1.10.1/STM32CubeIDE/plugins/com.st.stm32cube.ide.mcu.externaltools.gnu-tools-for-stm32.11.3.rel1.win32_1.1.1.202309131626/tools/bin/../lib/gcc/arm-none-eabi/11.3.1/../../../../arm-none-eabi/lib/thumb/v7e-m+dp/hard\libc_nano.a(libc_a-closer.o) (errno)
C:/ST/STM32CubeIDE_1.10.1/STM32CubeIDE/plugins/com.st.stm32cube.ide.mcu.externaltools.gnu-tools-for-stm32.11.3.rel1.win32_1.1.1.202309131626/tools/bin/../lib/gcc/arm-none-eabi/11.3.1/../../../../arm-none-eabi/lib/thumb/v7e-m+dp/hard\libc_nano.a(libc_a-impure.o)
                              C:/ST/STM32CubeIDE_1.10.1/STM32CubeIDE/plugins/com.st.stm32cube.ide.mcu.externaltools.gnu-tools-for-stm32.11.3.rel1.win32_1.1.1.202309131626/tools/bin/../lib/gcc/arm-none-eabi/11.3.1/../../../../arm-none-eabi/lib/thumb/v7e-m+dp/hard\libc_nano.a(libc_a-reent.o) (_impure_ptr)
C:/ST/STM32CubeIDE_1.10.1/STM32CubeIDE/plugins/com.st.stm32cube.ide.mcu.externaltools.gnu-tools-for-stm32.11.3.rel1.win32_1.1.1.202309131626/tools/bin/../lib/gcc/arm-none-eabi/11.3.1/../../../../arm-none-eabi/lib/thumb/v7e-m+dp/hard\libc_nano.a(libc_a-lseekr.o)
[...]
Memory Configuration

Name             Origin             Length             Attributes
ITCMRAM          0x0000000000000000 0x0000000000010000 xrw
DTCMRAM          0x0000000020000000 0x0000000000020000 xrw
FLASH            0x0000000008000000 0x0000000000100000 xr
RAM_D1           0x0000000024000000 0x0000000000050000 xrw
RAM_D2           0x0000000030000000 0x0000000000008000 xrw
RAM_D3           0x0000000038000000 0x0000000000004000 xrw
*default*        0x0000000000000000 0xffffffffffffffff

Linker script and memory map

LOAD C:/ST/STM32CubeIDE_1.10.1/STM32CubeIDE/plugins/com.st.stm32cube.ide.mcu.externaltools.gnu-tools-for-stm32.11.3.rel1.win32_1.1.1.202309131626/tools/bin/../lib/gcc/arm-none-eabi/11.3.1/thumb/v7e-m+dp/hard/crti.o
LOAD C:/ST/STM32CubeIDE_1.10.1/STM32CubeIDE/plugins/com.st.stm32cube.ide.mcu.externaltools.gnu-tools-for-stm32.11.3.rel1.win32_1.1.1.202309131626/tools/bin/../lib/gcc/arm-none-eabi/11.3.1/thumb/v7e-m+dp/hard/crtbegin.o
LOAD C:/ST/STM32CubeIDE_1.10.1/STM32CubeIDE/plugins/com.st.stm32cube.ide.mcu.externaltools.gnu-tools-for-stm32.11.3.rel1.win32_1.1.1.202309131626/tools/bin/../lib/gcc/arm-none-eabi/11.3.1/../../../../arm-none-eabi/lib/thumb/v7e-m+dp/hard/crt0.o
LOAD ./Core/Src/main.o
LOAD ./Core/Src/stm32h7xx_hal_msp.o
LOAD ./Core/Src/stm32h7xx_it.o
LOAD ./Core/Src/syscalls.o
LOAD ./Core/Src/sysmem.o
LOAD ./Core/Src/system_stm32h7xx.o
LOAD ./Core/Startup/startup_stm32h723zgtx.o
LOAD ./Drivers/STM32H7xx_HAL_Driver/Src/stm32h7xx_hal.o
LOAD ./Drivers/STM32H7xx_HAL_Driver/Src/stm32h7xx_hal_cortex.o
LOAD ./Drivers/STM32H7xx_HAL_Driver/Src/stm32h7xx_hal_dma.o
LOAD ./Drivers/STM32H7xx_HAL_Driver/Src/stm32h7xx_hal_dma_ex.o
LOAD ./Drivers/STM32H7xx_HAL_Driver/Src/stm32h7xx_hal_exti.o
LOAD ./Drivers/STM32H7xx_HAL_Driver/Src/stm32h7xx_hal_flash.o
LOAD ./Drivers/STM32H7xx_HAL_Driver/Src/stm32h7xx_hal_flash_ex.o
LOAD ./Drivers/STM32H7xx_HAL_Driver/Src/stm32h7xx_hal_gpio.o
LOAD ./Drivers/STM32H7xx_HAL_Driver/Src/stm32h7xx_hal_hsem.o
LOAD ./Drivers/STM32H7xx_HAL_Driver/Src/stm32h7xx_hal_i2c.o
LOAD ./Drivers/STM32H7xx_HAL_Driver/Src/stm32h7xx_hal_i2c_ex.o
LOAD ./Drivers/STM32H7xx_HAL_Driver/Src/stm32h7xx_hal_mdma.o
LOAD ./Drivers/STM32H7xx_HAL_Driver/Src/stm32h7xx_hal_pwr.o
LOAD ./Drivers/STM32H7xx_HAL_Driver/Src/stm32h7xx_hal_pwr_ex.o
LOAD ./Drivers/STM32H7xx_HAL_Driver/Src/stm32h7xx_hal_rcc.o
LOAD ./Drivers/STM32H7xx_HAL_Driver/Src/stm32h7xx_hal_rcc_ex.o
LOAD ./Drivers/STM32H7xx_HAL_Driver/Src/stm32h7xx_hal_tim.o
LOAD ./Drivers/STM32H7xx_HAL_Driver/Src/stm32h7xx_hal_tim_ex.o
LOAD ./carrera_tc/main.o
START GROUP
LOAD C:/ST/STM32CubeIDE_1.10.1/STM32CubeIDE/plugins/com.st.stm32cube.ide.mcu.externaltools.gnu-tools-for-stm32.11.3.rel1.win32_1.1.1.202309131626/tools/bin/../lib/gcc/arm-none-eabi/11.3.1/../../../../arm-none-eabi/lib/thumb/v7e-m+dp/hard\libstdc++_nano.a
LOAD C:/ST/STM32CubeIDE_1.10.1/STM32CubeIDE/plugins/com.st.stm32cube.ide.mcu.externaltools.gnu-tools-for-stm32.11.3.rel1.win32_1.1.1.202309131626/tools/bin/../lib/gcc/arm-none-eabi/11.3.1/../../../../arm-none-eabi/lib/thumb/v7e-m+dp/hard\libsupc++_nano.a
END GROUP
LOAD C:/ST/STM32CubeIDE_1.10.1/STM32CubeIDE/plugins/com.st.stm32cube.ide.mcu.externaltools.gnu-tools-for-stm32.11.3.rel1.win32_1.1.1.202309131626/tools/bin/../lib/gcc/arm-none-eabi/11.3.1/../../../../arm-none-eabi/lib/thumb/v7e-m+dp/hard\libstdc++_nano.a
LOAD C:/ST/STM32CubeIDE_1.10.1/STM32CubeIDE/plugins/com.st.stm32cube.ide.mcu.externaltools.gnu-tools-for-stm32.11.3.rel1.win32_1.1.1.202309131626/tools/bin/../lib/gcc/arm-none-eabi/11.3.1/../../../../arm-none-eabi/lib/thumb/v7e-m+dp/hard\libm.a
LOAD C:/ST/STM32CubeIDE_1.10.1/STM32CubeIDE/plugins/com.st.stm32cube.ide.mcu.externaltools.gnu-tools-for-stm32.11.3.rel1.win32_1.1.1.202309131626/tools/bin/../lib/gcc/arm-none-eabi/11.3.1/../../../../arm-none-eabi/lib/thumb/v7e-m+dp/hard\libc_nano.a
START GROUP
LOAD C:/ST/STM32CubeIDE_1.10.1/STM32CubeIDE/plugins/com.st.stm32cube.ide.mcu.externaltools.gnu-tools-for-stm32.11.3.rel1.win32_1.1.1.202309131626/tools/bin/../lib/gcc/arm-none-eabi/11.3.1/thumb/v7e-m+dp/hard\libgcc.a
LOAD C:/ST/STM32CubeIDE_1.10.1/STM32CubeIDE/plugins/com.st.stm32cube.ide.mcu.externaltools.gnu-tools-for-stm32.11.3.rel1.win32_1.1.1.202309131626/tools/bin/../lib/gcc/arm-none-eabi/11.3.1/../../../../arm-none-eabi/lib/thumb/v7e-m+dp/hard\libc_nano.a
END GROUP
START GROUP
LOAD C:/ST/STM32CubeIDE_1.10.1/STM32CubeIDE/plugins/com.st.stm32cube.ide.mcu.externaltools.gnu-tools-for-stm32.11.3.rel1.win32_1.1.1.202309131626/tools/bin/../lib/gcc/arm-none-eabi/11.3.1/thumb/v7e-m+dp/hard\libgcc.a
LOAD C:/ST/STM32CubeIDE_1.10.1/STM32CubeIDE/plugins/com.st.stm32cube.ide.mcu.externaltools.gnu-tools-for-stm32.11.3.rel1.win32_1.1.1.202309131626/tools/bin/../lib/gcc/arm-none-eabi/11.3.1/../../../../arm-none-eabi/lib/thumb/v7e-m+dp/hard\libc_nano.a
END GROUP
LOAD C:/ST/STM32CubeIDE_1.10.1/STM32CubeIDE/plugins/com.st.stm32cube.ide.mcu.externaltools.gnu-tools-for-stm32.11.3.rel1.win32_1.1.1.202309131626/tools/bin/../lib/gcc/arm-none-eabi/11.3.1/thumb/v7e-m+dp/hard/crtend.o
LOAD C:/ST/STM32CubeIDE_1.10.1/STM32CubeIDE/plugins/com.st.stm32cube.ide.mcu.externaltools.gnu-tools-for-stm32.11.3.rel1.win32_1.1.1.202309131626/tools/bin/../lib/gcc/arm-none-eabi/11.3.1/thumb/v7e-m+dp/hard/crtn.o
                0x0000000024050000                _estack = (ORIGIN (RAM_D1) + LENGTH (RAM_D1))
                0x0000000000000200                _Min_Heap_Size = 0x200
                0x0000000000000400                _Min_Stack_Size = 0x400

.isr_vector     0x0000000008000000      0x2cc
                0x0000000008000000                . = ALIGN (0x4)
 *(.isr_vector)
 .isr_vector    0x0000000008000000      0x2cc ./Core/Startup/startup_stm32h723zgtx.o
                0x0000000008000000                g_pfnVectors
                0x00000000080002cc                . = ALIGN (0x4)

.text           0x00000000080002cc     0x16b4
                0x00000000080002cc                . = ALIGN (0x4)
 *(.text)
 .text          0x00000000080002cc       0x40 C:/ST/STM32CubeIDE_1.10.1/STM32CubeIDE/plugins/com.st.stm32cube.ide.mcu.externaltools.gnu-tools-for-stm32.11.3.rel1.win32_1.1.1.202309131626/tools/bin/../lib/gcc/arm-none-eabi/11.3.1/thumb/v7e-m+dp/hard/crtbegin.o
 *(.text*)
 .text.main     0x000000000800030c       0x1e ./Core/Src/main.o
                0x000000000800030c                main
 *fill*         0x000000000800032a        0x2 
 .text.SystemClock_Config
                0x000000000800032c       0xbc ./Core/Src/main.o
                0x000000000800032c                SystemClock_Config
 .text.MX_GPIO_Init
                0x00000000080003e8       0x70 ./Core/Src/main.o
 .text.MPU_Config
                0x0000000008000458       0x58 ./Core/Src/main.o
 .text.Error_Handler
                0x00000000080004b0        0xa ./Core/Src/main.o
                0x00000000080004b0                Error_Handler
 *fill*         0x00000000080004ba        0x2 
 .text.HAL_MspInit
                0x00000000080004bc       0x34 ./Core/Src/stm32h7xx_hal_msp.o
                0x00000000080004bc                HAL_MspInit
 .text.NMI_Handler
                0x00000000080004f0        0x6 ./Core/Src/stm32h7xx_it.o
                0x00000000080004f0                NMI_Handler
 .text.HardFault_Handler
                0x00000000080004f6        0x6 ./Core/Src/stm32h7xx_it.o
                0x00000000080004f6                HardFault_Handler
 .text.MemManage_Handler
                0x00000000080004fc        0x6 ./Core/Src/stm32h7xx_it.o
                0x00000000080004fc                MemManage_Handler
 .text.BusFault_Handler
                0x0000000008000502        0x6 ./Core/Src/stm32h7xx_it.o
                0x0000000008000502                BusFault_Handler
 .text.UsageFault_Handler
                0x0000000008000508        0x6 ./Core/Src/stm32h7xx_it.o
                0x0000000008000508                UsageFault_Handler
 .text.SVC_Handler
                0x000000000800050e        0xe ./Core/Src/stm32h7xx_it.o
                0x000000000800050e                SVC_Handler
 .text.DebugMon_Handler
                0x000000000800051c        0xe ./Core/Src/stm32h7xx_it.o
                0x000000000800051c                DebugMon_Handler
 .text.PendSV_Handler
                0x000000000800052a        0xe ./Core/Src/stm32h7xx_it.o
                0x000000000800052a                PendSV_Handler
 .text.SysTick_Handler
                0x0000000008000538        0xc ./Core/Src/stm32h7xx_it.o
                0x0000000008000538                SysTick_Handler
 .text.SystemInit
                0x0000000008000544       0xf0 ./Core/Src/system_stm32h7xx.o
                0x0000000008000544                SystemInit
 .text.Reset_Handler
                0x0000000008000634       0x50 ./Core/Startup/startup_stm32h723zgtx.o
                0x0000000008000634                Reset_Handler
 .text.Default_Handler
                0x0000000008000684        0x2 ./Core/Startup/startup_stm32h723zgtx.o
                0x0000000008000684                RTC_Alarm_IRQHandler
                0x0000000008000684                EXTI2_IRQHandler
                0x0000000008000684                TIM8_CC_IRQHandler
                0x0000000008000684                UART8_IRQHandler
                0x0000000008000684                SPI4_IRQHandler
                0x0000000008000684                FDCAN3_IT0_IRQHandler
                0x0000000008000684                TIM1_CC_IRQHandler
                0x0000000008000684                BDMA_Channel6_IRQHandler
                0x0000000008000684                DMA2_Stream5_IRQHandler
                0x0000000008000684                DMA1_Stream5_IRQHandler
                0x0000000008000684                CORDIC_IRQHandler
                0x0000000008000684                BDMA_Channel1_IRQHandler
                0x0000000008000684                TAMP_STAMP_IRQHandler
                0x0000000008000684                EXTI3_IRQHandler
                0x0000000008000684                LPTIM4_IRQHandler
                0x0000000008000684                TIM8_TRG_COM_TIM14_IRQHandler
                0x0000000008000684                LPTIM2_IRQHandler
                0x0000000008000684                DFSDM1_FLT1_IRQHandler
                0x0000000008000684                DMAMUX2_OVR_IRQHandler
                0x0000000008000684                TIM8_UP_TIM13_IRQHandler
                0x0000000008000684                I2C3_ER_IRQHandler
                0x0000000008000684                DFSDM1_FLT2_IRQHandler
                0x0000000008000684                I2C5_EV_IRQHandler
                0x0000000008000684                USART10_IRQHandler
                0x0000000008000684                MDMA_IRQHandler
                0x0000000008000684                LPTIM3_IRQHandler
                0x0000000008000684                HSEM1_IRQHandler
                0x0000000008000684                EXTI0_IRQHandler
                0x0000000008000684                I2C2_EV_IRQHandler
                0x0000000008000684                DMA1_Stream2_IRQHandler
                0x0000000008000684                FPU_IRQHandler
                0x0000000008000684                OTG_HS_WKUP_IRQHandler
                0x0000000008000684                FDCAN1_IT1_IRQHandler
                0x0000000008000684                LTDC_ER_IRQHandler
                0x0000000008000684                DMA2_Stream2_IRQHandler
                0x0000000008000684                SPI1_IRQHandler
                0x0000000008000684                OCTOSPI1_IRQHandler
                0x0000000008000684                TIM6_DAC_IRQHandler
                0x0000000008000684                DMA2_Stream3_IRQHandler
                0x0000000008000684                OCTOSPI2_IRQHandler
                0x0000000008000684                DFSDM1_FLT3_IRQHandler
                0x0000000008000684                TIM23_IRQHandler
                0x0000000008000684                USART6_IRQHandler
                0x0000000008000684                TIM17_IRQHandler
                0x0000000008000684                USART3_IRQHandler
                0x0000000008000684                BDMA_Channel7_IRQHandler
                0x0000000008000684                LPTIM5_IRQHandler
                0x0000000008000684                UART5_IRQHandler
                0x0000000008000684                ADC3_IRQHandler
                0x0000000008000684                DMA2_Stream0_IRQHandler
                0x0000000008000684                TIM4_IRQHandler
                0x0000000008000684                BDMA_Channel2_IRQHandler
                0x0000000008000684                I2C1_EV_IRQHandler
                0x0000000008000684                DMA1_Stream6_IRQHandler
                0x0000000008000684                DMAMUX1_OVR_IRQHandler
                0x0000000008000684                DMA1_Stream1_IRQHandler
                0x0000000008000684                TIM16_IRQHandler
                0x0000000008000684                UART4_IRQHandler
                0x0000000008000684                BDMA_Channel5_IRQHandler
                0x0000000008000684                TIM3_IRQHandler
                0x0000000008000684                RCC_IRQHandler
                0x0000000008000684                UART9_IRQHandler
                0x0000000008000684                TIM8_BRK_TIM12_IRQHandler
                0x0000000008000684                TIM1_TRG_COM_IRQHandler
                0x0000000008000684                Default_Handler
                0x0000000008000684                ECC_IRQHandler
                0x0000000008000684                FMAC_IRQHandler
                0x0000000008000684                CEC_IRQHandler
                0x0000000008000684                EXTI15_10_IRQHandler
                0x0000000008000684                BDMA_Channel0_IRQHandler
                0x0000000008000684                ADC_IRQHandler
                0x0000000008000684                I2C5_ER_IRQHandler
                0x0000000008000684                DMA1_Stream7_IRQHandler
                0x0000000008000684                SPI5_IRQHandler
                0x0000000008000684                TIM7_IRQHandler
                0x0000000008000684                FDCAN3_IT1_IRQHandler
                0x0000000008000684                SDMMC1_IRQHandler
                0x0000000008000684                TIM5_IRQHandler
                0x0000000008000684                DMA2_Stream7_IRQHandler
                0x0000000008000684                TIM15_IRQHandler
                0x0000000008000684                PVD_AVD_IRQHandler
                0x0000000008000684                I2C3_EV_IRQHandler
                0x0000000008000684                EXTI9_5_IRQHandler
                0x0000000008000684                RTC_WKUP_IRQHandler
                0x0000000008000684                LTDC_IRQHandler
                0x0000000008000684                ETH_WKUP_IRQHandler
                0x0000000008000684                SPDIF_RX_IRQHandler
                0x0000000008000684                SPI2_IRQHandler
                0x0000000008000684                OTG_HS_EP1_IN_IRQHandler
                0x0000000008000684                DMA1_Stream0_IRQHandler
                0x0000000008000684                TIM24_IRQHandler
                0x0000000008000684                CRS_IRQHandler
                0x0000000008000684                EXTI4_IRQHandler
                0x0000000008000684                RNG_IRQHandler
                0x0000000008000684                FDCAN2_IT1_IRQHandler
                0x0000000008000684                ETH_IRQHandler
                0x0000000008000684                TIM1_UP_IRQHandler
                0x0000000008000684                BDMA_Channel4_IRQHandler
                0x0000000008000684                OTG_HS_EP1_OUT_IRQHandler
                0x0000000008000684                WWDG_IRQHandler
                0x0000000008000684                SPI6_IRQHandler
                0x0000000008000684                MDIOS_IRQHandler
                0x0000000008000684                I2C4_EV_IRQHandler
                0x0000000008000684                FDCAN2_IT0_IRQHandler
                0x0000000008000684                LPUART1_IRQHandler
                0x0000000008000684                FDCAN1_IT0_IRQHandler
                0x0000000008000684                TIM2_IRQHandler
                0x0000000008000684                OTG_HS_IRQHandler
                0x0000000008000684                DMA2D_IRQHandler
                0x0000000008000684                TIM1_BRK_IRQHandler
                0x0000000008000684                EXTI1_IRQHandler
                0x0000000008000684                SDMMC2_IRQHandler
                0x0000000008000684                BDMA_Channel3_IRQHandler
                0x0000000008000684                DTS_IRQHandler
                0x0000000008000684                UART7_IRQHandler
                0x0000000008000684                MDIOS_WKUP_IRQHandler
                0x0000000008000684                USART2_IRQHandler
                0x0000000008000684                DFSDM1_FLT0_IRQHandler
                0x0000000008000684                SAI4_IRQHandler
                0x0000000008000684                I2C2_ER_IRQHandler
                0x0000000008000684                DMA2_Stream1_IRQHandler
                0x0000000008000684                FLASH_IRQHandler
                0x0000000008000684                DMA2_Stream4_IRQHandler
                0x0000000008000684                USART1_IRQHandler
                0x0000000008000684                SPI3_IRQHandler
                0x0000000008000684                WAKEUP_PIN_IRQHandler
                0x0000000008000684                DMA1_Stream4_IRQHandler
                0x0000000008000684                I2C1_ER_IRQHandler
                0x0000000008000684                FMC_IRQHandler
                0x0000000008000684                FDCAN_CAL_IRQHandler
                0x0000000008000684                SWPMI1_IRQHandler
                0x0000000008000684                COMP1_IRQHandler
                0x0000000008000684                LPTIM1_IRQHandler
                0x0000000008000684                DCMI_PSSI_IRQHandler
                0x0000000008000684                I2C4_ER_IRQHandler
                0x0000000008000684                DMA2_Stream6_IRQHandler
                0x0000000008000684                SAI1_IRQHandler
                0x0000000008000684                DMA1_Stream3_IRQHandler
 *fill*         0x0000000008000686        0x2 
 .text.HAL_Init
                0x0000000008000688       0x78 ./Drivers/STM32H7xx_HAL_Driver/Src/stm32h7xx_hal.o
                0x0000000008000688                HAL_Init
 .text.HAL_InitTick
                0x0000000008000700       0x6c ./Drivers/STM32H7xx_HAL_Driver/Src/stm32h7xx_hal.o
                0x0000000008000700                HAL_InitTick
 .text.HAL_IncTick
                0x000000000800076c       0x28 ./Drivers/STM32H7xx_HAL_Driver/Src/stm32h7xx_hal.o
                0x000000000800076c                HAL_IncTick
 .text.HAL_GetTick
                0x0000000008000794       0x18 ./Drivers/STM32H7xx_HAL_Driver/Src/stm32h7xx_hal.o
                0x0000000008000794                HAL_GetTick
 .text.__NVIC_SetPriorityGrouping
                0x00000000080007ac       0x48 ./Drivers/STM32H7xx_HAL_Driver/Src/stm32h7xx_hal_cortex.o
 .text.__NVIC_GetPriorityGrouping
                0x00000000080007f4       0x1c ./Drivers/STM32H7xx_HAL_Driver/Src/stm32h7xx_hal_cortex.o
 .text.__NVIC_SetPriority
                0x0000000008000810       0x54 ./Drivers/STM32H7xx_HAL_Driver/Src/stm32h7xx_hal_cortex.o
 .text.NVIC_EncodePriority
                0x0000000008000864       0x66 ./Drivers/STM32H7xx_HAL_Driver/Src/stm32h7xx_hal_cortex.o
 *fill*         0x00000000080008ca        0x2 
 .text.SysTick_Config
                0x00000000080008cc       0x44 ./Drivers/STM32H7xx_HAL_Driver/Src/stm32h7xx_hal_cortex.o
 .text.HAL_NVIC_SetPriorityGrouping
                0x0000000008000910       0x16 ./Drivers/STM32H7xx_HAL_Driver/Src/stm32h7xx_hal_cortex.o
                0x0000000008000910                HAL_NVIC_SetPriorityGrouping
 .text.HAL_NVIC_SetPriority
                0x0000000008000926       0x34 ./Drivers/STM32H7xx_HAL_Driver/Src/stm32h7xx_hal_cortex.o
                0x0000000008000926                HAL_NVIC_SetPriority
 .text.HAL_SYSTICK_Config
                0x000000000800095a       0x18 ./Drivers/STM32H7xx_HAL_Driver/Src/stm32h7xx_hal_cortex.o
                0x000000000800095a                HAL_SYSTICK_Config
 *fill*         0x0000000008000972        0x2 
 .text.HAL_MPU_Disable
                0x0000000008000974       0x30 ./Drivers/STM32H7xx_HAL_Driver/Src/stm32h7xx_hal_cortex.o
                0x0000000008000974                HAL_MPU_Disable
 .text.HAL_MPU_Enable
                0x00000000080009a4       0x40 ./Drivers/STM32H7xx_HAL_Driver/Src/stm32h7xx_hal_cortex.o
                0x00000000080009a4                HAL_MPU_Enable
 .text.HAL_MPU_ConfigRegion
                0x00000000080009e4       0x88 ./Drivers/STM32H7xx_HAL_Driver/Src/stm32h7xx_hal_cortex.o
                0x00000000080009e4                HAL_MPU_ConfigRegion
 .text.HAL_PWREx_ConfigSupply
                0x0000000008000a6c       0x74 ./Drivers/STM32H7xx_HAL_Driver/Src/stm32h7xx_hal_pwr_ex.o
                0x0000000008000a6c                HAL_PWREx_ConfigSupply
 .text.HAL_RCC_OscConfig
                0x0000000008000ae0      0x7b4 ./Drivers/STM32H7xx_HAL_Driver/Src/stm32h7xx_hal_rcc.o
                0x0000000008000ae0                HAL_RCC_OscConfig
 .text.HAL_RCC_ClockConfig
                0x0000000008001294      0x36c ./Drivers/STM32H7xx_HAL_Driver/Src/stm32h7xx_hal_rcc.o
                0x0000000008001294                HAL_RCC_ClockConfig
 .text.HAL_RCC_GetSysClockFreq
                0x0000000008001600      0x2f4 ./Drivers/STM32H7xx_HAL_Driver/Src/stm32h7xx_hal_rcc.o
                0x0000000008001600                HAL_RCC_GetSysClockFreq
 .text.mainInit
                0x00000000080018f4        0xe ./carrera_tc/main.o
                0x00000000080018f4                mainInit
 .text.mainProcces
                0x0000000008001902        0xe ./carrera_tc/main.o
                0x0000000008001902                mainProcces
 .text.memset   0x0000000008001910       0x10 C:/ST/STM32CubeIDE_1.10.1/STM32CubeIDE/plugins/com.st.stm32cube.ide.mcu.externaltools.gnu-tools-for-stm32.11.3.rel1.win32_1.1.1.202309131626/tools/bin/../lib/gcc/arm-none-eabi/11.3.1/../../../../arm-none-eabi/lib/thumb/v7e-m+dp/hard\libc_nano.a(libc_a-memset.o)
                0x0000000008001910                memset
 .text.__libc_init_array
                0x0000000008001920       0x48 C:/ST/STM32CubeIDE_1.10.1/STM32CubeIDE/plugins/com.st.stm32cube.ide.mcu.externaltools.gnu-tools-for-stm32.11.3.rel1.win32_1.1.1.202309131626/tools/bin/../lib/gcc/arm-none-eabi/11.3.1/../../../../arm-none-eabi/lib/thumb/v7e-m+dp/hard\libc_nano.a(libc_a-init.o)
                0x0000000008001920                __libc_init_array
 *(.glue_7)
 .glue_7        0x0000000008001968        0x0 linker stubs
 *(.glue_7t)
 .glue_7t       0x0000000008001968        0x0 linker stubs
 *(.eh_frame)
 .eh_frame      0x0000000008001968        0x0 C:/ST/STM32CubeIDE_1.10.1/STM32CubeIDE/plugins/com.st.stm32cube.ide.mcu.externaltools.gnu-tools-for-stm32.11.3.rel1.win32_1.1.1.202309131626/tools/bin/../lib/gcc/arm-none-eabi/11.3.1/thumb/v7e-m+dp/hard/crtbegin.o
 *(.init)
 .init          0x0000000008001968        0x4 C:/ST/STM32CubeIDE_1.10.1/STM32CubeIDE/plugins/com.st.stm32cube.ide.mcu.externaltools.gnu-tools-for-stm32.11.3.rel1.win32_1.1.1.202309131626/tools/bin/../lib/gcc/arm-none-eabi/11.3.1/thumb/v7e-m+dp/hard/crti.o
                0x0000000008001968                _init
 .init          0x000000000800196c        0x8 C:/ST/STM32CubeIDE_1.10.1/STM32CubeIDE/plugins/com.st.stm32cube.ide.mcu.externaltools.gnu-tools-for-stm32.11.3.rel1.win32_1.1.1.202309131626/tools/bin/../lib/gcc/arm-none-eabi/11.3.1/thumb/v7e-m+dp/hard/crtn.o
 *(.fini)
 .fini          0x0000000008001974        0x4 C:/ST/STM32CubeIDE_1.10.1/STM32CubeIDE/plugins/com.st.stm32cube.ide.mcu.externaltools.gnu-tools-for-stm32.11.3.rel1.win32_1.1.1.202309131626/tools/bin/../lib/gcc/arm-none-eabi/11.3.1/thumb/v7e-m+dp/hard/crti.o
                0x0000000008001974                _fini
 .fini          0x0000000008001978        0x8 C:/ST/STM32CubeIDE_1.10.1/STM32CubeIDE/plugins/com.st.stm32cube.ide.mcu.externaltools.gnu-tools-for-stm32.11.3.rel1.win32_1.1.1.202309131626/tools/bin/../lib/gcc/arm-none-eabi/11.3.1/thumb/v7e-m+dp/hard/crtn.o
                0x0000000008001980                . = ALIGN (0x4)
                0x0000000008001980                _etext = .

.vfp11_veneer   0x0000000008001980        0x0
 .vfp11_veneer  0x0000000008001980        0x0 linker stubs

.v4_bx          0x0000000008001980        0x0
 .v4_bx         0x0000000008001980        0x0 linker stubs

.iplt           0x0000000008001980        0x0
 .iplt          0x0000000008001980        0x0 C:/ST/STM32CubeIDE_1.10.1/STM32CubeIDE/plugins/com.st.stm32cube.ide.mcu.externaltools.gnu-tools-for-stm32.11.3.rel1.win32_1.1.1.202309131626/tools/bin/../lib/gcc/arm-none-eabi/11.3.1/thumb/v7e-m+dp/hard/crtbegin.o

.rodata         0x0000000008001980       0x10
                0x0000000008001980                . = ALIGN (0x4)
 *(.rodata)
 *(.rodata*)
 .rodata.D1CorePrescTable
                0x0000000008001980       0x10 ./Core/Src/system_stm32h7xx.o
                0x0000000008001980                D1CorePrescTable
                0x0000000008001990                . = ALIGN (0x4)

.rel.dyn        0x0000000008001990        0x0
 .rel.iplt      0x0000000008001990        0x0 C:/ST/STM32CubeIDE_1.10.1/STM32CubeIDE/plugins/com.st.stm32cube.ide.mcu.externaltools.gnu-tools-for-stm32.11.3.rel1.win32_1.1.1.202309131626/tools/bin/../lib/gcc/arm-none-eabi/11.3.1/thumb/v7e-m+dp/hard/crtbegin.o

.ARM.extab
 *(.ARM.extab* .gnu.linkonce.armextab.*)

.ARM            0x0000000008001990        0x0
                0x0000000008001990                __exidx_start = .
 *(.ARM.exidx*)
                0x0000000008001990                __exidx_end = .

.preinit_array  0x0000000008001990        0x0
                0x0000000008001990                PROVIDE (__preinit_array_start = .)
 *(.preinit_array*)
                0x0000000008001990                PROVIDE (__preinit_array_end = .)

.init_array     0x0000000008001990        0x4
                0x0000000008001990                PROVIDE (__init_array_start = .)
 *(SORT_BY_NAME(.init_array.*))
 *(.init_array*)
 .init_array    0x0000000008001990        0x4 C:/ST/STM32CubeIDE_1.10.1/STM32CubeIDE/plugins/com.st.stm32cube.ide.mcu.externaltools.gnu-tools-for-stm32.11.3.rel1.win32_1.1.1.202309131626/tools/bin/../lib/gcc/arm-none-eabi/11.3.1/thumb/v7e-m+dp/hard/crtbegin.o
                0x0000000008001994                PROVIDE (__init_array_end = .)

.fini_array     0x0000000008001994        0x4
                [!provide]                        PROVIDE (__fini_array_start = .)
 *(SORT_BY_NAME(.fini_array.*))
 *(.fini_array*)
 .fini_array    0x0000000008001994        0x4 C:/ST/STM32CubeIDE_1.10.1/STM32CubeIDE/plugins/com.st.stm32cube.ide.mcu.externaltools.gnu-tools-for-stm32.11.3.rel1.win32_1.1.1.202309131626/tools/bin/../lib/gcc/arm-none-eabi/11.3.1/thumb/v7e-m+dp/hard/crtbegin.o
                [!provide]                        PROVIDE (__fini_array_end = .)
                0x0000000008001998                _sidata = LOADADDR (.data)

.data           0x0000000024000000       0x10 load address 0x0000000008001998
                0x0000000024000000                . = ALIGN (0x4)
                0x0000000024000000                _sdata = .
 *(.data)
 *(.data*)
 .data.SystemCoreClock
                0x0000000024000000        0x4 ./Core/Src/system_stm32h7xx.o
                0x0000000024000000                SystemCoreClock
 .data.SystemD2Clock
                0x0000000024000004        0x4 ./Core/Src/system_stm32h7xx.o
                0x0000000024000004                SystemD2Clock
 .data.uwTickPrio
                0x0000000024000008        0x4 ./Drivers/STM32H7xx_HAL_Driver/Src/stm32h7xx_hal.o
                0x0000000024000008                uwTickPrio
 .data.uwTickFreq
                0x000000002400000c        0x1 ./Drivers/STM32H7xx_HAL_Driver/Src/stm32h7xx_hal.o
                0x000000002400000c                uwTickFreq
 *(.RamFunc)
 *(.RamFunc*)
                0x0000000024000010                . = ALIGN (0x4)
 *fill*         0x000000002400000d        0x3 
                0x0000000024000010                _edata = .

.igot.plt       0x0000000024000010        0x0 load address 0x00000000080019a8
 .igot.plt      0x0000000024000010        0x0 C:/ST/STM32CubeIDE_1.10.1/STM32CubeIDE/plugins/com.st.stm32cube.ide.mcu.externaltools.gnu-tools-for-stm32.11.3.rel1.win32_1.1.1.202309131626/tools/bin/../lib/gcc/arm-none-eabi/11.3.1/thumb/v7e-m+dp/hard/crtbegin.o
                0x0000000024000010                . = ALIGN (0x4)

.bss            0x0000000024000010       0x20 load address 0x00000000080019a8
                0x0000000024000010                _sbss = .
                0x0000000024000010                __bss_start__ = _sbss
 *(.bss)
 .bss           0x0000000024000010       0x1c C:/ST/STM32CubeIDE_1.10.1/STM32CubeIDE/plugins/com.st.stm32cube.ide.mcu.externaltools.gnu-tools-for-stm32.11.3.rel1.win32_1.1.1.202309131626/tools/bin/../lib/gcc/arm-none-eabi/11.3.1/thumb/v7e-m+dp/hard/crtbegin.o
 *(.bss*)
 .bss.uwTick    0x000000002400002c        0x4 ./Drivers/STM32H7xx_HAL_Driver/Src/stm32h7xx_hal.o
                0x000000002400002c                uwTick
 *(COMMON)
                0x0000000024000030                . = ALIGN (0x4)
                0x0000000024000030                _ebss = .
                0x0000000024000030                __bss_end__ = _ebss

._user_heap_stack
                0x0000000024000030      0x600 load address 0x00000000080019a8
                0x0000000024000030                . = ALIGN (0x8)
                [!provide]                        PROVIDE (end = .)
                0x0000000024000030                PROVIDE (_end = .)
                0x0000000024000230                . = (. + _Min_Heap_Size)
 *fill*         0x0000000024000030      0x200 
                0x0000000024000630                . = (. + _Min_Stack_Size)
 *fill*         0x0000000024000230      0x400 
                0x0000000024000630                . = ALIGN (0x8)

/DISCARD/
 libc.a(*)
 libm.a(*)
 libgcc.a(*)

.ARM.attributes
                0x0000000000000000       0x2e
 *(.ARM.attributes)
 .ARM.attributes
                0x0000000000000000       0x1e C:/ST/STM32CubeIDE_1.10.1/STM32CubeIDE/plugins/com.st.stm32cube.ide.mcu.externaltools.gnu-tools-for-stm32.11.3.rel1.win32_1.1.1.202309131626/tools/bin/../lib/gcc/arm-none-eabi/11.3.1/thumb/v7e-m+dp/hard/crti.o
 .ARM.attributes
                0x000000000000001e       0x32 C:/ST/STM32CubeIDE_1.10.1/STM32CubeIDE/plugins/com.st.stm32cube.ide.mcu.externaltools.gnu-tools-for-stm32.11.3.rel1.win32_1.1.1.202309131626/tools/bin/../lib/gcc/arm-none-eabi/11.3.1/thumb/v7e-m+dp/hard/crtbegin.o
 .ARM.attributes
                0x0000000000000050       0x32 ./Core/Src/main.o
 .ARM.attributes
                0x0000000000000082       0x32 ./Core/Src/stm32h7xx_hal_msp.o
 .ARM.attributes
                0x00000000000000b4       0x32 ./Core/Src/stm32h7xx_it.o
 .ARM.attributes
                0x00000000000000e6       0x32 ./Core/Src/system_stm32h7xx.o
 .ARM.attributes
                0x0000000000000118       0x21 ./Core/Startup/startup_stm32h723zgtx.o
 .ARM.attributes
                0x0000000000000139       0x32 ./Drivers/STM32H7xx_HAL_Driver/Src/stm32h7xx_hal.o
 .ARM.attributes
                0x000000000000016b       0x32 ./Drivers/STM32H7xx_HAL_Driver/Src/stm32h7xx_hal_cortex.o
 .ARM.attributes
                0x000000000000019d       0x32 ./Drivers/STM32H7xx_HAL_Driver/Src/stm32h7xx_hal_pwr_ex.o
 .ARM.attributes
                0x00000000000001cf       0x32 ./Drivers/STM32H7xx_HAL_Driver/Src/stm32h7xx_hal_rcc.o
 .ARM.attributes
                0x0000000000000201       0x32 ./carrera_tc/main.o
 .ARM.attributes
                0x0000000000000233       0x32 C:/ST/STM32CubeIDE_1.10.1/STM32CubeIDE/plugins/com.st.stm32cube.ide.mcu.externaltools.gnu-tools-for-stm32.11.3.rel1.win32_1.1.1.202309131626/tools/bin/../lib/gcc/arm-none-eabi/11.3.1/../../../../arm-none-eabi/lib/thumb/v7e-m+dp/hard\libc_nano.a(libc_a-memset.o)
 .ARM.attributes
                0x0000000000000265       0x32 C:/ST/STM32CubeIDE_1.10.1/STM32CubeIDE/plugins/com.st.stm32cube.ide.mcu.externaltools.gnu-tools-for-stm32.11.3.rel1.win32_1.1.1.202309131626/tools/bin/../lib/gcc/arm-none-eabi/11.3.1/../../../../arm-none-eabi/lib/thumb/v7e-m+dp/hard\libc_nano.a(libc_a-init.o)
 .ARM.attributes
                0x0000000000000297       0x1e C:/ST/STM32CubeIDE_1.10.1/STM32CubeIDE/plugins/com.st.stm32cube.ide.mcu.externaltools.gnu-tools-for-stm32.11.3.rel1.win32_1.1.1.202309131626/tools/bin/../lib/gcc/arm-none-eabi/11.3.1/thumb/v7e-m+dp/hard/crtn.o
OUTPUT(carrera_test.elf elf32-littlearm)
LOAD linker stubs
LOAD C:/ST/STM32CubeIDE_1.10.1/STM32CubeIDE/plugins/com.st.stm32cube.ide.mcu.externaltools.gnu-tools-for-stm32.11.3.rel1.win32_1.1.1.202309131626/tools/bin/../lib/gcc/arm-none-eabi/11.3.1/../../../../arm-none-eabi/lib/thumb/v7e-m+dp/hard\libc.a
LOAD C:/ST/STM32CubeIDE_1.10.1/STM32CubeIDE/plugins/com.st.stm32cube.ide.mcu.externaltools.gnu-tools-for-stm32.11.3.rel1.win32_1.1.1.202309131626/tools/bin/../lib/gcc/arm-none-eabi/11.3.1/../../../../arm-none-eabi/lib/thumb/v7e-m+dp/hard\libm.a
LOAD C:/ST/STM32CubeIDE_1.10.1/STM32CubeIDE/plugins/com.st.stm32cube.ide.mcu.externaltools.gnu-tools-for-stm32.11.3.rel1.win32_1.1.1.202309131626/tools/bin/../lib/gcc/arm-none-eabi/11.3.1/thumb/v7e-m+dp/hard\libgcc.a

.comment        0x0000000000000000       0x43
 .comment       0x0000000000000000       0x43 C:/ST/STM32CubeIDE_1.10.1/STM32CubeIDE/plugins/com.st.stm32cube.ide.mcu.externaltools.gnu-tools-for-stm32.11.3.rel1.win32_1.1.1.202309131626/tools/bin/../lib/gcc/arm-none-eabi/11.3.1/thumb/v7e-m+dp/hard/crtbegin.o
                                         0x44 (size before relaxing)
 .comment       0x0000000000000043       0x44 ./Core/Src/main.o
 .comment       0x0000000000000043       0x44 ./Core/Src/stm32h7xx_hal_msp.o
 .comment       0x0000000000000043       0x44 ./Core/Src/stm32h7xx_it.o
 .comment       0x0000000000000043       0x44 ./Core/Src/system_stm32h7xx.o
 .comment       0x0000000000000043       0x44 ./Drivers/STM32H7xx_HAL_Driver/Src/stm32h7xx_hal.o
 .comment       0x0000000000000043       0x44 ./Drivers/STM32H7xx_HAL_Driver/Src/stm32h7xx_hal_cortex.o
 .comment       0x0000000000000043       0x44 ./Drivers/STM32H7xx_HAL_Driver/Src/stm32h7xx_hal_pwr_ex.o
 .comment       0x0000000000000043       0x44 ./Drivers/STM32H7xx_HAL_Driver/Src/stm32h7xx_hal_rcc.o
 .comment       0x0000000000000043       0x44 ./carrera_tc/main.o

.debug_info     0x0000000000000000     0x70ea
 .debug_info    0x0000000000000000      0x93b ./Core/Src/main.o
 .debug_info    0x000000000000093b      0x464 ./Core/Src/stm32h7xx_hal_msp.o
 .debug_info    0x0000000000000d9f      0x128 ./Core/Src/stm32h7xx_it.o
 .debug_info    0x0000000000000ec7      0xb2e ./Core/Src/system_stm32h7xx.o
 .debug_info    0x00000000000019f5       0x23 ./Core/Startup/startup_stm32h723zgtx.o
 .debug_info    0x0000000000001a18     0x1698 ./Drivers/STM32H7xx_HAL_Driver/Src/stm32h7xx_hal.o
 .debug_info    0x00000000000030b0     0x1054 ./Drivers/STM32H7xx_HAL_Driver/Src/stm32h7xx_hal_cortex.o
 .debug_info    0x0000000000004104      0xdc4 ./Drivers/STM32H7xx_HAL_Driver/Src/stm32h7xx_hal_pwr_ex.o
 .debug_info    0x0000000000004ec8      0xd73 ./Drivers/STM32H7xx_HAL_Driver/Src/stm32h7xx_hal_rcc.o
 .debug_info    0x0000000000005c3b     0x14af ./carrera_tc/main.o

.debug_abbrev   0x0000000000000000     0x112b
 .debug_abbrev  0x0000000000000000      0x254 ./Core/Src/main.o
 .debug_abbrev  0x0000000000000254       0xdb ./Core/Src/stm32h7xx_hal_msp.o
 .debug_abbrev  0x000000000000032f       0x73 ./Core/Src/stm32h7xx_it.o
 .debug_abbrev  0x00000000000003a2      0x13a ./Core/Src/system_stm32h7xx.o
 .debug_abbrev  0x00000000000004dc       0x12 ./Core/Startup/startup_stm32h723zgtx.o
 .debug_abbrev  0x00000000000004ee      0x29e ./Drivers/STM32H7xx_HAL_Driver/Src/stm32h7xx_hal.o
 .debug_abbrev  0x000000000000078c      0x339 ./Drivers/STM32H7xx_HAL_Driver/Src/stm32h7xx_hal_cortex.o
 .debug_abbrev  0x0000000000000ac5      0x295 ./Drivers/STM32H7xx_HAL_Driver/Src/stm32h7xx_hal_pwr_ex.o
 .debug_abbrev  0x0000000000000d5a      0x2b1 ./Drivers/STM32H7xx_HAL_Driver/Src/stm32h7xx_hal_rcc.o
 .debug_abbrev  0x000000000000100b      0x120 ./carrera_tc/main.o

.debug_aranges  0x0000000000000000      0x5f0
 .debug_aranges
                0x0000000000000000       0x40 ./Core/Src/main.o
 .debug_aranges
                0x0000000000000040       0x20 ./Core/Src/stm32h7xx_hal_msp.o
 .debug_aranges
                0x0000000000000060       0x60 ./Core/Src/stm32h7xx_it.o
 .debug_aranges
                0x00000000000000c0       0x28 ./Core/Src/system_stm32h7xx.o
 .debug_aranges
                0x00000000000000e8       0x28 ./Core/Startup/startup_stm32h723zgtx.o
 .debug_aranges
                0x0000000000000110      0x1c8 ./Drivers/STM32H7xx_HAL_Driver/Src/stm32h7xx_hal.o
 .debug_aranges
                0x00000000000002d8      0x120 ./Drivers/STM32H7xx_HAL_Driver/Src/stm32h7xx_hal_cortex.o
 .debug_aranges
                0x00000000000003f8      0x148 ./Drivers/STM32H7xx_HAL_Driver/Src/stm32h7xx_hal_pwr_ex.o
 .debug_aranges
                0x0000000000000540       0x88 ./Drivers/STM32H7xx_HAL_Driver/Src/stm32h7xx_hal_rcc.o
 .debug_aranges
                0x00000000000005c8       0x28 ./carrera_tc/main.o

.debug_rnglists
                0x0000000000000000      0x454
 .debug_rnglists
                0x0000000000000000       0x2c ./Core/Src/main.o
 .debug_rnglists
                0x000000000000002c       0x13 ./Core/Src/stm32h7xx_hal_msp.o
 .debug_rnglists
                0x000000000000003f       0x43 ./Core/Src/stm32h7xx_it.o
 .debug_rnglists
                0x0000000000000082       0x1b ./Core/Src/system_stm32h7xx.o
 .debug_rnglists
                0x000000000000009d       0x19 ./Core/Startup/startup_stm32h723zgtx.o
 .debug_rnglists
                0x00000000000000b6      0x155 ./Drivers/STM32H7xx_HAL_Driver/Src/stm32h7xx_hal.o
 .debug_rnglists
                0x000000000000020b       0xd4 ./Drivers/STM32H7xx_HAL_Driver/Src/stm32h7xx_hal_cortex.o
 .debug_rnglists
                0x00000000000002df       0xf4 ./Drivers/STM32H7xx_HAL_Driver/Src/stm32h7xx_hal_pwr_ex.o
 .debug_rnglists
                0x00000000000003d3       0x68 ./Drivers/STM32H7xx_HAL_Driver/Src/stm32h7xx_hal_rcc.o
 .debug_rnglists
                0x000000000000043b       0x19 ./carrera_tc/main.o

.debug_macro    0x0000000000000000    0x32f2f
 .debug_macro   0x0000000000000000      0x28a ./Core/Src/main.o
 .debug_macro   0x000000000000028a      0xac0 ./Core/Src/main.o
 .debug_macro   0x0000000000000d4a      0x22c ./Core/Src/main.o
 .debug_macro   0x0000000000000f76       0x2e ./Core/Src/main.o
 .debug_macro   0x0000000000000fa4       0x3b ./Core/Src/main.o
 .debug_macro   0x0000000000000fdf       0x22 ./Core/Src/main.o
 .debug_macro   0x0000000000001001       0x8e ./Core/Src/main.o
 .debug_macro   0x000000000000108f       0x51 ./Core/Src/main.o
 .debug_macro   0x00000000000010e0      0x103 ./Core/Src/main.o
 .debug_macro   0x00000000000011e3       0x6a ./Core/Src/main.o
 .debug_macro   0x000000000000124d      0x1df ./Core/Src/main.o
 .debug_macro   0x000000000000142c       0x1c ./Core/Src/main.o
 .debug_macro   0x0000000000001448       0x22 ./Core/Src/main.o
 .debug_macro   0x000000000000146a       0xfb ./Core/Src/main.o
 .debug_macro   0x0000000000001565     0x1305 ./Core/Src/main.o
 .debug_macro   0x000000000000286a      0x11f ./Core/Src/main.o
 .debug_macro   0x0000000000002989       0x27 ./Core/Src/main.o
 .debug_macro   0x00000000000029b0    0x211d1 ./Core/Src/main.o
 .debug_macro   0x0000000000023b81       0x6d ./Core/Src/main.o
 .debug_macro   0x0000000000023bee     0x3d48 ./Core/Src/main.o
 .debug_macro   0x0000000000027936      0x174 ./Core/Src/main.o
 .debug_macro   0x0000000000027aaa       0x61 ./Core/Src/main.o
 .debug_macro   0x0000000000027b0b       0x29 ./Core/Src/main.o
 .debug_macro   0x0000000000027b34       0x43 ./Core/Src/main.o
 .debug_macro   0x0000000000027b77       0x34 ./Core/Src/main.o
 .debug_macro   0x0000000000027bab       0x16 ./Core/Src/main.o
 .debug_macro   0x0000000000027bc1       0x43 ./Core/Src/main.o
 .debug_macro   0x0000000000027c04       0x34 ./Core/Src/main.o
 .debug_macro   0x0000000000027c38       0x10 ./Core/Src/main.o
 .debug_macro   0x0000000000027c48       0x58 ./Core/Src/main.o
 .debug_macro   0x0000000000027ca0       0x8e ./Core/Src/main.o
 .debug_macro   0x0000000000027d2e       0x1c ./Core/Src/main.o
 .debug_macro   0x0000000000027d4a      0x177 ./Core/Src/main.o
 .debug_macro   0x0000000000027ec1      0x369 ./Core/Src/main.o
 .debug_macro   0x000000000002822a      0x19b ./Core/Src/main.o
 .debug_macro   0x00000000000283c5       0x5d ./Core/Src/main.o
 .debug_macro   0x0000000000028422     0x2462 ./Core/Src/main.o
 .debug_macro   0x000000000002a884     0x1079 ./Core/Src/main.o
 .debug_macro   0x000000000002b8fd      0x154 ./Core/Src/main.o
 .debug_macro   0x000000000002ba51      0x114 ./Core/Src/main.o
 .debug_macro   0x000000000002bb65      0x3f8 ./Core/Src/main.o
 .debug_macro   0x000000000002bf5d       0xac ./Core/Src/main.o
 .debug_macro   0x000000000002c009      0x788 ./Core/Src/main.o
 .debug_macro   0x000000000002c791      0x228 ./Core/Src/main.o
 .debug_macro   0x000000000002c9b9       0x66 ./Core/Src/main.o
 .debug_macro   0x000000000002ca1f      0x3a6 ./Core/Src/main.o
 .debug_macro   0x000000000002cdc5      0x3f9 ./Core/Src/main.o
 .debug_macro   0x000000000002d1be      0x275 ./Core/Src/main.o
 .debug_macro   0x000000000002d433      0x3ca ./Core/Src/main.o
 .debug_macro   0x000000000002d7fd      0x45c ./Core/Src/main.o
 .debug_macro   0x000000000002dc59       0x3c ./Core/Src/main.o
 .debug_macro   0x000000000002dc95       0x4a ./Core/Src/main.o
 .debug_macro   0x000000000002dcdf      0x22c ./Core/Src/main.o
 .debug_macro   0x000000000002df0b       0x67 ./Core/Src/main.o
 .debug_macro   0x000000000002df72       0xa5 ./Core/Src/main.o
 .debug_macro   0x000000000002e017      0x1c4 ./Core/Src/main.o
 .debug_macro   0x000000000002e1db      0x22a ./Core/Src/main.o
 .debug_macro   0x000000000002e405       0x35 ./Core/Src/main.o
 .debug_macro   0x000000000002e43a      0x5e6 ./Core/Src/main.o
 .debug_macro   0x000000000002ea20      0x28a ./Core/Src/stm32h7xx_hal_msp.o
 .debug_macro   0x000000000002ecaa      0x294 ./Core/Src/stm32h7xx_it.o
 .debug_macro   0x000000000002ef3e      0x280 ./Core/Src/system_stm32h7xx.o
 .debug_macro   0x000000000002f1be      0x2aa ./Drivers/STM32H7xx_HAL_Driver/Src/stm32h7xx_hal.o
 .debug_macro   0x000000000002f468      0x280 ./Drivers/STM32H7xx_HAL_Driver/Src/stm32h7xx_hal_cortex.o
 .debug_macro   0x000000000002f6e8      0x2b9 ./Drivers/STM32H7xx_HAL_Driver/Src/stm32h7xx_hal_pwr_ex.o
 .debug_macro   0x000000000002f9a1      0x2a4 ./Drivers/STM32H7xx_HAL_Driver/Src/stm32h7xx_hal_rcc.o
 .debug_macro   0x000000000002fc45      0x326 ./carrera_tc/main.o
 .debug_macro   0x000000000002ff6b      0xb98 ./carrera_tc/main.o
 .debug_macro   0x0000000000030b03       0x1c ./carrera_tc/main.o
 .debug_macro   0x0000000000030b1f     0x1305 ./carrera_tc/main.o
 .debug_macro   0x0000000000031e24      0x17b ./carrera_tc/main.o
 .debug_macro   0x0000000000031f9f      0x1b2 ./carrera_tc/main.o
 .debug_macro   0x0000000000032151       0x10 ./carrera_tc/main.o
 .debug_macro   0x0000000000032161      0x3ed ./carrera_tc/main.o
 .debug_macro   0x000000000003254e       0x18 ./carrera_tc/main.o
 .debug_macro   0x0000000000032566       0x34 ./carrera_tc/main.o
 .debug_macro   0x000000000003259a       0x43 ./carrera_tc/main.o
 .debug_macro   0x00000000000325dd       0x16 ./carrera_tc/main.o
 .debug_macro   0x00000000000325f3      0x38c ./carrera_tc/main.o
 .debug_macro   0x000000000003297f      0x194 ./carrera_tc/main.o
 .debug_macro   0x0000000000032b13       0x10 ./carrera_tc/main.o
 .debug_macro   0x0000000000032b23       0x35 ./carrera_tc/main.o
 .debug_macro   0x0000000000032b58       0x10 ./carrera_tc/main.o
 .debug_macro   0x0000000000032b68      0x3c7 ./carrera_tc/main.o

.debug_line     0x0000000000000000     0x71ac
 .debug_line    0x0000000000000000      0x948 ./Core/Src/main.o
 .debug_line    0x0000000000000948      0x876 ./Core/Src/stm32h7xx_hal_msp.o
 .debug_line    0x00000000000011be      0x939 ./Core/Src/stm32h7xx_it.o
 .debug_line    0x0000000000001af7      0xa1b ./Core/Src/system_stm32h7xx.o
 .debug_line    0x0000000000002512       0x7a ./Core/Startup/startup_stm32h723zgtx.o
 .debug_line    0x000000000000258c      0xeb2 ./Drivers/STM32H7xx_HAL_Driver/Src/stm32h7xx_hal.o
 .debug_line    0x000000000000343e      0xe2a ./Drivers/STM32H7xx_HAL_Driver/Src/stm32h7xx_hal_cortex.o
 .debug_line    0x0000000000004268      0xe99 ./Drivers/STM32H7xx_HAL_Driver/Src/stm32h7xx_hal_pwr_ex.o
 .debug_line    0x0000000000005101     0x134b ./Drivers/STM32H7xx_HAL_Driver/Src/stm32h7xx_hal_rcc.o
 .debug_line    0x000000000000644c      0xd60 ./carrera_tc/main.o

.debug_str      0x0000000000000000   0x138eec
 .debug_str     0x0000000000000000   0x1340a1 ./Core/Src/main.o
                                     0x1344ff (size before relaxing)
 .debug_str     0x00000000001340a1       0x2c ./Core/Src/stm32h7xx_hal_msp.o
                                     0x134191 (size before relaxing)
 .debug_str     0x00000000001340cd       0xc9 ./Core/Src/stm32h7xx_it.o
                                     0x133ff0 (size before relaxing)
 .debug_str     0x0000000000134196      0x2ae ./Core/Src/system_stm32h7xx.o
                                     0x134432 (size before relaxing)
 .debug_str     0x0000000000134444       0x34 ./Core/Startup/startup_stm32h723zgtx.o
                                         0x74 (size before relaxing)
 .debug_str     0x0000000000134478     0x1127 ./Drivers/STM32H7xx_HAL_Driver/Src/stm32h7xx_hal.o
                                     0x1354bc (size before relaxing)
 .debug_str     0x000000000013559f      0x2a8 ./Drivers/STM32H7xx_HAL_Driver/Src/stm32h7xx_hal_cortex.o
                                     0x134d9e (size before relaxing)
 .debug_str     0x0000000000135847      0x5ee ./Drivers/STM32H7xx_HAL_Driver/Src/stm32h7xx_hal_pwr_ex.o
                                     0x134885 (size before relaxing)
 .debug_str     0x0000000000135e35      0x2aa ./Drivers/STM32H7xx_HAL_Driver/Src/stm32h7xx_hal_rcc.o
                                     0x134800 (size before relaxing)
 .debug_str     0x00000000001360df     0x2e0d ./carrera_tc/main.o
                                     0x136b55 (size before relaxing)

.debug_frame    0x0000000000000000     0x1638
 .debug_frame   0x0000000000000000       0xb4 ./Core/Src/main.o
 .debug_frame   0x00000000000000b4       0x38 ./Core/Src/stm32h7xx_hal_msp.o
 .debug_frame   0x00000000000000ec      0x104 ./Core/Src/stm32h7xx_it.o
 .debug_frame   0x00000000000001f0       0x58 ./Core/Src/system_stm32h7xx.o
 .debug_frame   0x0000000000000248      0x760 ./Drivers/STM32H7xx_HAL_Driver/Src/stm32h7xx_hal.o
 .debug_frame   0x00000000000009a8      0x4b8 ./Drivers/STM32H7xx_HAL_Driver/Src/stm32h7xx_hal_cortex.o
 .debug_frame   0x0000000000000e60      0x540 ./Drivers/STM32H7xx_HAL_Driver/Src/stm32h7xx_hal_pwr_ex.o
 .debug_frame   0x00000000000013a0      0x1fc ./Drivers/STM32H7xx_HAL_Driver/Src/stm32h7xx_hal_rcc.o
 .debug_frame   0x000000000000159c       0x50 ./carrera_tc/main.o
 .debug_frame   0x00000000000015ec       0x20 C:/ST/STM32CubeIDE_1.10.1/STM32CubeIDE/plugins/com.st.stm32cube.ide.mcu.externaltools.gnu-tools-for-stm32.11.3.rel1.win32_1.1.1.202309131626/tools/bin/../lib/gcc/arm-none-eabi/11.3.1/../../../../arm-none-eabi/lib/thumb/v7e-m+dp/hard\libc_nano.a(libc_a-memset.o)
 .debug_frame   0x000000000000160c       0x2c C:/ST/STM32CubeIDE_1.10.1/STM32CubeIDE/plugins/com.st.stm32cube.ide.mcu.externaltools.gnu-tools-for-stm32.11.3.rel1.win32_1.1.1.202309131626/tools/bin/../lib/gcc/arm-none-eabi/11.3.1/../../../../arm-none-eabi/lib/thumb/v7e-m+dp/hard\libc_nano.a(libc_a-init.o)

.debug_line_str
                0x0000000000000000       0x68
 .debug_line_str
                0x0000000000000000       0x68 ./Core/Startup/startup_stm32h723zgtx.o
                                         0x80 (size before relaxing)
